"blank"		"=========================="
"blank"		"#Valve_Movement_Title"
"blank"		"=========================="
"+forward"		"#Valve_Move_Forward"
"+back"		"#Valve_Move_Back"
"+left"		"#Valve_Turn_Left"
"+right"		"#Valve_Turn_Right"
"+jump"		"#Valve_Jump"
"blank"		"=========================="
"blank"		"Combat Controls"
"blank"		"=========================="
"+attack"		"Shoot Forwards"
"+attack2"		"Shoot Backwards(Not Implimented)"
"blank"		"=========================="
"blank"		"#Valve_Communication_Title"
"blank"		"=========================="
"+voicerecord"	"Voice Communication"
"say"			"Chat"
"blank"		"=========================="
"blank"		"#Valve_Miscellaneous_Title"
"blank"		"=========================="
"choosechar"	"Change Character"
"impulse 215"	"Toggle Minimap(Not Implimented)"
"+showscores"	"#Valve_Display_Scores"
"impulse 220"	"Show player names over karts"
"impulse 100"	"Headlights"
"toggleconsole"	"Toggle Console Key"
"impulse 201"	"#Valve_Spray_Logo"
"jpeg"		"#Valve_Take_Screen_Shot"
"quit"		"#Valve_Quit_Game"




